<?xml version="1.0" encoding="UTF-8"?>
<testsuites name="jest tests" tests="13" failures="0" time="2.343">
  <testsuite name="undefined" errors="0" failures="0" skipped="0" timestamp="2021-05-26T07:43:58" time="1.357" tests="3">
    <testcase classname=" Load rates button: pressed show data" name=" Load rates button: pressed show data" time="0.155">
    </testcase>
    <testcase classname=" Load rates button: pressed network error" name=" Load rates button: pressed network error" time="0.017">
    </testcase>
    <testcase classname=" Load rates button: pressed loading" name=" Load rates button: pressed loading" time="0.013">
    </testcase>
  </testsuite>
  <testsuite name="undefined" errors="0" failures="0" skipped="0" timestamp="2021-05-26T07:43:59" time="0.225" tests="3">
    <testcase classname=" renders todo" name=" renders todo" time="0.007">
    </testcase>
    <testcase classname=" Load rates button:renders" name=" Load rates button:renders" time="0.03">
    </testcase>
    <testcase classname=" Load rates button:snapshot before press" name=" Load rates button:snapshot before press" time="0.002">
    </testcase>
  </testsuite>
  <testsuite name="undefined" errors="0" failures="0" skipped="0" timestamp="2021-05-26T07:44:00" time="0.184" tests="1">
    <testcase classname=" should render index.js" name=" should render index.js" time="0.023">
    </testcase>
  </testsuite>
  <testsuite name="undefined" errors="0" failures="0" skipped="0" timestamp="2021-05-26T07:44:00" time="0.116" tests="6">
    <testcase classname=" ratesReducer: check initial state" name=" ratesReducer: check initial state" time="0.003">
    </testcase>
    <testcase classname=" ratesReducer: check loading state" name=" ratesReducer: check loading state" time="0.001">
    </testcase>
    <testcase classname=" ratesReducer: check data state" name=" ratesReducer: check data state" time="0">
    </testcase>
    <testcase classname=" ratesReducer: check error state" name=" ratesReducer: check error state" time="0.001">
    </testcase>
    <testcase classname=" ratesReducer: check if other type affects state" name=" ratesReducer: check if other type affects state" time="0">
    </testcase>
    <testcase classname=" rootReducer: check initial Root State" name=" rootReducer: check initial Root State" time="0">
    </testcase>
  </testsuite>
</testsuites>